[2026-07-07 09:53:00] ============================================================
[2026-07-07 09:53:00] PHASE 9 (P1+P4) START — total 33, done 0, pending 33
[2026-07-07 09:53:00] Pre-registration: prereg/PRE_REGISTRATION_P1_P4.md (must be pushed publicly first)
[2026-07-07 09:53:00] ============================================================
[2026-07-07 09:53:00] Device: cuda
[2026-07-07 09:53:00] --- [1/33] P1_lr0.0005_s0 (P1) ---
[2026-07-07 10:15:57]     done 1376s | t_grok=2400 | sustained=2400 | acc=1.0000
[2026-07-07 10:15:57] --- [2/33] P1_lr0.0005_s1 (P1) ---
[2026-07-07 10:36:28]     done 1231s | t_grok=2700 | sustained=2700 | acc=1.0000
[2026-07-07 10:36:28] --- [3/33] P1_lr0.0005_s2 (P1) ---
[2026-07-07 10:56:58]     done 1230s | t_grok=2400 | sustained=2600 | acc=1.0000
[2026-07-07 10:56:58] --- [4/33] P1_lr0.001_s0 (P1) ---
[2026-07-07 14:53:53]     done 14216s | t_grok=1200 | sustained=1200 | acc=1.0000
[2026-07-07 14:53:53] --- [5/33] P1_lr0.001_s1 (P1) ---
[2026-07-07 15:14:32]     done 1239s | t_grok=1100 | sustained=1400 | acc=1.0000
[2026-07-07 15:14:32] --- [6/33] P1_lr0.001_s2 (P1) ---
[2026-07-07 15:33:53]     done 1161s | t_grok=1400 | sustained=1400 | acc=1.0000
[2026-07-07 15:33:53] --- [7/33] P1_lr0.002_s0 (P1) ---
[2026-07-07 15:53:15]     done 1162s | t_grok=400 | sustained=1300 | acc=1.0000
[2026-07-07 15:53:15] --- [8/33] P1_lr0.002_s1 (P1) ---
[2026-07-07 17:23:18]     done 5403s | t_grok=700 | sustained=700 | acc=1.0000
[2026-07-07 17:23:18] --- [9/33] P1_lr0.002_s2 (P1) ---
[2026-07-07 17:43:09]     done 1190s | t_grok=800 | sustained=800 | acc=1.0000
[2026-07-07 17:43:09] --- [10/33] P4_bs256_wd0.01_s0 (P4) ---
[2026-07-07 18:03:53]     done 1244s | t_grok=8400 | sustained=8400 | acc=0.9981
[2026-07-07 18:03:53] --- [11/33] P4_bs256_wd0.01_s1 (P4) ---
[2026-07-07 18:25:29]     done 1296s | t_grok=28900 | sustained=28900 | acc=0.9983
[2026-07-07 18:25:29] --- [12/33] P4_bs256_wd0.01_s2 (P4) ---
[2026-07-07 18:48:27]     done 1378s | t_grok=20500 | sustained=20700 | acc=0.9989
[2026-07-07 18:48:27] --- [13/33] P4_bs256_wd0.1_s0 (P4) ---
[2026-07-07 19:11:31]     done 1384s | t_grok=6300 | sustained=6300 | acc=1.0000
[2026-07-07 19:11:31] --- [14/33] P4_bs256_wd0.1_s1 (P4) ---
[2026-07-07 19:35:59]     done 1467s | t_grok=7900 | sustained=7900 | acc=1.0000
[2026-07-07 19:35:59] --- [15/33] P4_bs256_wd0.1_s2 (P4) ---
[2026-07-07 20:01:36]     done 1537s | t_grok=7900 | sustained=7900 | acc=1.0000
[2026-07-07 20:01:36] --- [16/33] P4_bs256_wd0.3_s0 (P4) ---
[2026-07-07 20:28:24]     done 1608s | t_grok=2300 | sustained=2300 | acc=1.0000
[2026-07-07 20:28:24] --- [17/33] P4_bs256_wd0.3_s1 (P4) ---
[2026-07-07 20:51:04]     done 1360s | t_grok=2600 | sustained=2600 | acc=0.9996
[2026-07-07 20:51:04] --- [18/33] P4_bs256_wd0.3_s2 (P4) ---
[2026-07-07 21:16:36]     done 1532s | t_grok=2500 | sustained=2500 | acc=1.0000
[2026-07-07 21:16:36] --- [19/33] P4_bs256_wd3.0_s0 (P4) ---
[2026-07-07 21:44:14]     done 1659s | t_grok=500 | sustained=500 | acc=1.0000
[2026-07-07 21:44:14] --- [20/33] P4_bs256_wd3.0_s1 (P4) ---
[2026-07-07 22:10:05]     done 1550s | t_grok=700 | sustained=700 | acc=0.9934
[2026-07-07 22:10:05] --- [21/33] P4_bs256_wd3.0_s2 (P4) ---
[2026-07-07 22:36:11]     done 1566s | t_grok=600 | sustained=600 | acc=1.0000
[2026-07-07 22:36:11] --- [22/33] P4_bs1024_wd0.01_s0 (P4) ---
[2026-07-07 23:37:34]     done 3683s | t_grok=46200 | sustained=46200 | acc=0.9945
[2026-07-07 23:37:34] --- [23/33] P4_bs1024_wd0.01_s1 (P4) ---
[2026-07-08 00:29:20]     done 3106s | t_grok=40400 | sustained=40400 | acc=0.9923
[2026-07-08 00:29:20] --- [24/33] P4_bs1024_wd0.01_s2 (P4) ---
[2026-07-08 01:03:06]     done 2027s | t_grok=47300 | sustained=47300 | acc=0.9966
[2026-07-08 01:03:06] --- [25/33] P4_bs1024_wd0.1_s0 (P4) ---
[2026-07-08 01:37:38]     done 2072s | t_grok=14900 | sustained=14900 | acc=1.0000
[2026-07-08 01:37:38] --- [26/33] P4_bs1024_wd0.1_s1 (P4) ---
[2026-07-08 02:12:09]     done 2070s | t_grok=15100 | sustained=15100 | acc=1.0000
[2026-07-08 02:12:09] --- [27/33] P4_bs1024_wd0.1_s2 (P4) ---
[2026-07-08 02:43:47]     done 1899s | t_grok=15100 | sustained=15100 | acc=1.0000
[2026-07-08 02:43:47] --- [28/33] P4_bs1024_wd0.3_s0 (P4) ---
[2026-07-08 09:15:33]     done 23506s | t_grok=4900 | sustained=4900 | acc=1.0000
[2026-07-08 09:15:33] --- [29/33] P4_bs1024_wd0.3_s1 (P4) ---
[2026-07-08 09:48:50]     done 1997s | t_grok=4600 | sustained=4600 | acc=1.0000
[2026-07-08 09:48:50] --- [30/33] P4_bs1024_wd0.3_s2 (P4) ---
[2026-07-08 10:21:50]     done 1980s | t_grok=4500 | sustained=4500 | acc=1.0000
[2026-07-08 10:21:50] --- [31/33] P4_bs1024_wd3.0_s0 (P4) ---
[2026-07-08 12:40:39]     done 8329s | t_grok=400 | sustained=400 | acc=0.9994
[2026-07-08 12:40:39] --- [32/33] P4_bs1024_wd3.0_s1 (P4) ---
[2026-07-08 13:16:39]     done 2161s | t_grok=600 | sustained=600 | acc=1.0000
[2026-07-08 13:16:39] --- [33/33] P4_bs1024_wd3.0_s2 (P4) ---
[2026-07-08 19:51:57]     done 23718s | t_grok=500 | sustained=500 | acc=1.0000
[2026-07-08 19:51:57] PHASE 9 RUNS COMPLETE
[2026-07-08 19:51:57] REPORT written: e:\ASIC_LLM_Project\paper_04_emergence_prediction\code\grokking\results\phase9\REPORT.md
[2026-07-08 19:51:57] Phase 9 done.
