[2026-04-27 08:30:17] ============================================================
[2026-04-27 08:30:17] PHASE 6 START
[2026-04-27 08:30:17]   primes: [31, 149]
[2026-04-27 08:30:17]   wd values: [0.01, 0.1, 0.3, 1.0, 3.0]
[2026-04-27 08:30:17]   seeds: [0, 1, 2]
[2026-04-27 08:30:17]   steps per run: 200,000
[2026-04-27 08:30:17]   total runs: 30  |  already done: 0  |  pending: 30
[2026-04-27 08:30:17]   estimated time: 10.0h
[2026-04-27 08:30:17] ============================================================
[2026-04-27 08:30:17] Device: cuda
[2026-04-27 08:30:17] --- [1/30] p31_wd0.01_s0  p=31  wd=0.01  seed=0 ---
[2026-04-27 08:47:01]     done 1004s | t_grok_first=144300 | t_grok_sustained=144300 | acc=1.0000
[2026-04-27 08:47:01] --- [2/30] p31_wd0.01_s1  p=31  wd=0.01  seed=1 ---
[2026-04-27 09:03:58]     done 1017s | t_grok_first=None | t_grok_sustained=None | acc=0.5343
[2026-04-27 09:03:58] --- [3/30] p31_wd0.01_s2  p=31  wd=0.01  seed=2 ---
[2026-04-27 09:21:34]     done 1056s | t_grok_first=151800 | t_grok_sustained=153000 | acc=0.8399
[2026-04-27 09:21:34] --- [4/30] p31_wd0.1_s0  p=31  wd=0.1  seed=0 ---
[2026-04-27 09:39:08]     done 1054s | t_grok_first=25900 | t_grok_sustained=27200 | acc=0.9979
[2026-04-27 09:39:08] --- [5/30] p31_wd0.1_s1  p=31  wd=0.1  seed=1 ---
[2026-04-27 09:56:05]     done 1017s | t_grok_first=49300 | t_grok_sustained=50400 | acc=0.9314
[2026-04-27 09:56:05] --- [6/30] p31_wd0.1_s2  p=31  wd=0.1  seed=2 ---
[2026-04-27 10:12:40]     done 995s | t_grok_first=32700 | t_grok_sustained=32700 | acc=0.9730
[2026-04-27 10:12:40] --- [7/30] p31_wd0.3_s0  p=31  wd=0.3  seed=0 ---
[2026-04-27 10:29:01]     done 981s | t_grok_first=7900 | t_grok_sustained=8100 | acc=1.0000
[2026-04-27 10:29:01] --- [8/30] p31_wd0.3_s1  p=31  wd=0.3  seed=1 ---
[2026-04-27 10:45:18]     done 977s | t_grok_first=11500 | t_grok_sustained=11500 | acc=0.9938
[2026-04-27 10:45:18] --- [9/30] p31_wd0.3_s2  p=31  wd=0.3  seed=2 ---
[2026-04-27 11:01:34]     done 976s | t_grok_first=11200 | t_grok_sustained=11200 | acc=0.9896
[2026-04-27 11:01:34] --- [10/30] p31_wd1.0_s0  p=31  wd=1.0  seed=0 ---
[2026-04-27 11:17:54]     done 980s | t_grok_first=2600 | t_grok_sustained=2600 | acc=0.9875
[2026-04-27 11:17:54] --- [11/30] p31_wd1.0_s1  p=31  wd=1.0  seed=1 ---
[2026-04-27 11:34:14]     done 980s | t_grok_first=2900 | t_grok_sustained=2900 | acc=0.9979
[2026-04-27 11:34:14] --- [12/30] p31_wd1.0_s2  p=31  wd=1.0  seed=2 ---
[2026-04-27 11:50:33]     done 978s | t_grok_first=2800 | t_grok_sustained=2800 | acc=1.0000
[2026-04-27 11:50:33] --- [13/30] p31_wd3.0_s0  p=31  wd=3.0  seed=0 ---
[2026-04-27 12:06:53]     done 980s | t_grok_first=1000 | t_grok_sustained=1300 | acc=0.9979
[2026-04-27 12:06:53] --- [14/30] p31_wd3.0_s1  p=31  wd=3.0  seed=1 ---
[2026-04-27 12:23:14]     done 981s | t_grok_first=1100 | t_grok_sustained=1100 | acc=1.0000
[2026-04-27 12:23:14] --- [15/30] p31_wd3.0_s2  p=31  wd=3.0  seed=2 ---
[2026-04-27 12:39:32]     done 978s | t_grok_first=900 | t_grok_sustained=1200 | acc=1.0000
[2026-04-27 12:39:32] --- [16/30] p149_wd0.01_s0  p=149  wd=0.01  seed=0 ---
[2026-04-27 12:56:53]     done 1041s | t_grok_first=12200 | t_grok_sustained=12200 | acc=0.9995
[2026-04-27 12:56:53] --- [17/30] p149_wd0.01_s1  p=149  wd=0.01  seed=1 ---
[2026-04-27 13:14:14]     done 1041s | t_grok_first=17000 | t_grok_sustained=17000 | acc=0.9980
[2026-04-27 13:14:14] --- [18/30] p149_wd0.01_s2  p=149  wd=0.01  seed=2 ---
[2026-04-27 13:31:56]     done 1063s | t_grok_first=10100 | t_grok_sustained=10500 | acc=0.9983
[2026-04-27 13:31:56] --- [19/30] p149_wd0.1_s0  p=149  wd=0.1  seed=0 ---
[2026-04-27 13:49:18]     done 1042s | t_grok_first=5500 | t_grok_sustained=5500 | acc=0.9984
[2026-04-27 13:49:18] --- [20/30] p149_wd0.1_s1  p=149  wd=0.1  seed=1 ---
[2026-04-27 14:06:38]     done 1040s | t_grok_first=6800 | t_grok_sustained=6800 | acc=1.0000
[2026-04-27 14:06:38] --- [21/30] p149_wd0.1_s2  p=149  wd=0.1  seed=2 ---
[2026-04-27 14:24:22]     done 1064s | t_grok_first=5000 | t_grok_sustained=5000 | acc=1.0000
[2026-04-27 14:24:22] --- [22/30] p149_wd0.3_s0  p=149  wd=0.3  seed=0 ---
[2026-04-27 14:44:03]     done 1181s | t_grok_first=2400 | t_grok_sustained=2400 | acc=1.0000
[2026-04-27 14:44:03] --- [23/30] p149_wd0.3_s1  p=149  wd=0.3  seed=1 ---
[2026-04-27 15:03:28]     done 1165s | t_grok_first=2700 | t_grok_sustained=2700 | acc=1.0000
[2026-04-27 15:03:28] --- [24/30] p149_wd0.3_s2  p=149  wd=0.3  seed=2 ---
[2026-04-27 15:26:19]     done 1371s | t_grok_first=1900 | t_grok_sustained=1900 | acc=1.0000
[2026-04-27 15:26:19] --- [25/30] p149_wd1.0_s0  p=149  wd=1.0  seed=0 ---
[2026-04-27 15:46:31]     done 1212s | t_grok_first=800 | t_grok_sustained=800 | acc=1.0000
[2026-04-27 15:46:31] --- [26/30] p149_wd1.0_s1  p=149  wd=1.0  seed=1 ---
[2026-04-27 16:05:13]     done 1123s | t_grok_first=900 | t_grok_sustained=900 | acc=1.0000
[2026-04-27 16:05:13] --- [27/30] p149_wd1.0_s2  p=149  wd=1.0  seed=2 ---
[2026-04-27 16:23:59]     done 1126s | t_grok_first=800 | t_grok_sustained=800 | acc=1.0000
[2026-04-27 16:23:59] --- [28/30] p149_wd3.0_s0  p=149  wd=3.0  seed=0 ---
[2026-04-27 16:42:43]     done 1124s | t_grok_first=700 | t_grok_sustained=700 | acc=0.9999
[2026-04-27 16:42:43] --- [29/30] p149_wd3.0_s1  p=149  wd=3.0  seed=1 ---
[2026-04-27 17:00:53]     done 1090s | t_grok_first=600 | t_grok_sustained=600 | acc=0.9845
[2026-04-27 17:00:53] --- [30/30] p149_wd3.0_s2  p=149  wd=3.0  seed=2 ---
[2026-04-27 17:18:09]     done 1036s | t_grok_first=800 | t_grok_sustained=5400 | acc=0.8739
[2026-04-27 17:18:09] ============================================================
[2026-04-27 17:18:09] PHASE 6 RUNS COMPLETE
[2026-04-27 17:18:09] ============================================================
[2026-04-27 17:18:09] REPORT written: E:\ASIC_LLM_Project\paper_04_emergence_prediction\code\grokking\results\phase6\REPORT.md
[2026-04-27 17:18:09] Phase 6 done.
